../Core/Src/ili9341.c:46:6:lcdInit	16	static
../Core/Src/ili9341.c:205:6:lcdTest	24	static
../Core/Src/ili9341.c:227:6:lcdFillRGB	24	static
../Core/Src/ili9341.c:246:6:lcdDrawPixel	16	static
../Core/Src/ili9341.c:256:6:lcdDrawHLine	32	static
../Core/Src/ili9341.c:285:6:lcdDrawVLine	32	static
../Core/Src/ili9341.c:326:6:lcdDrawLine	48	static
../Core/Src/ili9341.c:389:6:lcdDrawRect	24	static
../Core/Src/ili9341.c:409:6:lcdDrawRoundRect	32	static
../Core/Src/ili9341.c:435:6:lcdDrawCircleHelper	40	static
../Core/Src/ili9341.c:487:6:lcdDrawCircle	40	static
../Core/Src/ili9341.c:535:6:lcdDrawTriangle	32	static
../Core/Src/ili9341.c:552:6:lcdFillCircle	32	static
../Core/Src/ili9341.c:570:6:lcdFillCircleHelper	40	static
../Core/Src/ili9341.c:614:6:lcdFillRect	32	static
../Core/Src/ili9341.c:639:6:lcdFillRoundRect	32	static
../Core/Src/ili9341.c:662:6:lcdFillTriangle	72	static
../Core/Src/ili9341.c:745:6:lcdDrawImage	24	static
../Core/Src/ili9341.c:757:6:lcdHome	8	static
../Core/Src/ili9341.c:776:6:lcdDrawChar	32	static
../Core/Src/ili9341.c:823:6:lcdPrintf	32	static
../Core/Src/ili9341.c:875:6:lcdSetTextFont	16	static
../Core/Src/ili9341.c:888:6:lcdSetTextColor	16	static
../Core/Src/ili9341.c:901:6:lcdSetTextWrap	16	static
../Core/Src/ili9341.c:906:6:lcdSetOrientation	16	static
../Core/Src/ili9341.c:941:6:lcdSetCursor	16	static
../Core/Src/ili9341.c:958:6:lcdSetWindow	24	static
../Core/Src/ili9341.c:973:6:lcdBacklightOff	8	static
../Core/Src/ili9341.c:978:6:lcdBacklightOn	8	static
../Core/Src/ili9341.c:983:6:lcdInversionOff	8	static
../Core/Src/ili9341.c:988:6:lcdInversionOn	8	static
../Core/Src/ili9341.c:993:6:lcdDisplayOff	8	static
../Core/Src/ili9341.c:999:6:lcdDisplayOn	8	static
../Core/Src/ili9341.c:1005:6:lcdTearingOff	8	static
../Core/Src/ili9341.c:1010:6:lcdTearingOn	16	static
../Core/Src/ili9341.c:1016:10:lcdGetWidth	4	static
../Core/Src/ili9341.c:1021:10:lcdGetHeight	4	static
../Core/Src/ili9341.c:1026:10:lcdGetControllerID	16	static
../Core/Src/ili9341.c:1037:23:lcdGetOrientation	4	static
../Core/Src/ili9341.c:1042:8:lcdGetTextFont	4	static
../Core/Src/ili9341.c:1047:22:lcdGetProperties	16	static
../Core/Src/ili9341.c:1060:10:lcdReadPixel	24	static
../Core/Src/ili9341.c:1084:10:lcdColor565	16	static
../Core/Src/ili9341.c:1091:13:lcdDrawPixels	32	static
../Core/Src/ili9341.c:1104:13:lcdReset	8	static
../Core/Src/ili9341.c:1111:13:lcdWriteCommand	16	static
../Core/Src/ili9341.c:1117:13:lcdWriteData	16	static
../Core/Src/ili9341.c:1122:23:lcdReadData	4	static
../Core/Src/ili9341.c:1127:22:lcdBuildMemoryAccessControlConfig	24	static
